// Jest Snapshot v1, https://goo.gl/fbAQLP

exports[`Renders main app with dashboard 1`] = `
<div
  className="App"
>
  <header
    className="App-header"
  >
    <img
      alt="logo"
      className="App-logo"
      src="logo.png"
    />
    <h1
      className="App-title"
    >
      OpenOceanStudio: Crew Applications
    </h1>
  </header>
  <Dashboard />
</div>
`;
